// Jest Snapshot v1, https://goo.gl/fbAQLP

exports[`Icon is a react component 1`] = `
<svg
  className="fui-icon"
>
  <use
    xlinkHref="#alipay"
  />
</svg>
`;

exports[`Icon render success 1`] = `
<svg
  className="fui-icon"
>
  <use
    xlinkHref="#alipay"
  />
</svg>
`;
