// Jest Snapshot v1, https://goo.gl/fbAQLP

exports[`button is a react component 1`] = `
<div>
  按钮
</div>
`;
